lv_area.h:110:20:lv_area_copy	16	static
lv_mem.h:82:20:lv_memzero	16	static
lv_style.h:452:30:lv_style_get_prop_inlined	56	static
lv_obj_style_gen.h:1:26:lv_obj_get_style_width	24	static
lv_obj_style_gen.h:19:26:lv_obj_get_style_height	24	static
lv_obj_style_gen.h:49:26:lv_obj_get_style_align	24	static
lv_obj_style_gen.h:55:26:lv_obj_get_style_transform_width	24	static
lv_obj_style_gen.h:61:26:lv_obj_get_style_transform_height	24	static
lv_obj_style_gen.h:103:26:lv_obj_get_style_pad_top	24	static
lv_obj_style_gen.h:115:26:lv_obj_get_style_pad_left	24	static
lv_obj_style_gen.h:139:26:lv_obj_get_style_bg_color	24	static
lv_obj_style_gen.h:151:24:lv_obj_get_style_bg_opa	24	static
lv_obj_style_gen.h:235:26:lv_obj_get_style_border_color	24	static
lv_obj_style_gen.h:247:24:lv_obj_get_style_border_opa	24	static
lv_obj_style_gen.h:253:26:lv_obj_get_style_border_width	24	static
lv_obj_style_gen.h:265:20:lv_obj_get_style_border_post	24	static
lv_obj_style_gen.h:301:26:lv_obj_get_style_shadow_width	24	static
lv_obj_style_gen.h:319:26:lv_obj_get_style_shadow_spread	24	static
lv_obj_style_gen.h:325:26:lv_obj_get_style_shadow_color	24	static
lv_obj_style_gen.h:337:24:lv_obj_get_style_shadow_opa	24	static
lv_obj_style_gen.h:493:26:lv_obj_get_style_radius	24	static
lv_obj_style_gen.h:499:20:lv_obj_get_style_clip_corner	24	static
lv_obj_style_gen.h:505:24:lv_obj_get_style_opa	24	static
lv_obj_style_gen.h:553:24:lv_obj_get_style_layout	24	static
lv_obj.c:106:6:lv_is_initialized	4	static
lv_obj.c:111:6:lv_init	32	static
lv_obj.c:265:6:lv_deinit	8	static
lv_obj.c:284:12:lv_obj_create	24	static
lv_obj.c:300:6:lv_obj_add_flag	40	static
lv_obj.c:327:6:lv_obj_clear_flag	40	static
lv_obj.c:355:6:lv_obj_add_state	24	static
lv_obj.c:370:6:lv_obj_clear_state	24	static
lv_obj.c:384:6:lv_obj_has_flag	16	static
lv_obj.c:391:6:lv_obj_has_flag_any	16	static
lv_obj.c:398:12:lv_obj_get_state	16	static
lv_obj.c:405:6:lv_obj_has_state	16	static
lv_obj.c:412:14:lv_obj_get_group	16	static
lv_obj.c:424:6:lv_obj_allocate_spec_attr	16	static
lv_obj.c:442:6:lv_obj_check_type	16	static
lv_obj.c:448:6:lv_obj_has_class	24	static
lv_obj.c:459:24:lv_obj_get_class	16	static
lv_obj.c:464:6:lv_obj_is_valid	32	static
lv_obj.c:485:13:lv_obj_constructor	32	static
lv_obj.c:516:13:lv_obj_destructor	24	static
lv_obj.c:549:13:lv_obj_draw	224	static
lv_obj.c:693:13:draw_scrollbar	168	static
lv_obj.c:734:17:scrollbar_init_draw_dsc	32	static
lv_obj.c:786:13:lv_obj_event	120	static
lv_obj.c:941:13:lv_obj_set_state	88	static
lv_obj.c:1022:13:obj_valid_child	32	static
