lv_math.h:49:45:lv_trigo_cos	16	static
lv_mem.h:82:20:lv_memzero	16	static
lv_area.h:123:26:lv_area_get_width	16	static
lv_area.h:133:26:lv_area_get_height	16	static
lv_color.h:454:48:lv_color_mix	32	static
lv_obj_style_gen.h:1:26:lv_obj_get_style_width	24	static
lv_obj_style_gen.h:19:26:lv_obj_get_style_height	24	static
lv_obj_style_gen.h:415:20:lv_obj_get_style_arc_rounded	24	static
lv_obj_style_gen.h:505:24:lv_obj_get_style_opa	24	static
lv_meter.c:54:12:lv_meter_create	24	static
lv_meter.c:66:6:lv_meter_set_scale_ticks	32	static
lv_meter.c:77:6:lv_meter_set_scale_major_ticks	32	static
lv_meter.c:89:6:lv_meter_set_scale_range	32	static
lv_meter.c:104:24:lv_meter_add_needle_line	32	static
lv_meter.c:123:24:lv_meter_add_needle_img	32	static
lv_meter.c:142:24:lv_meter_add_arc	32	static
lv_meter.c:161:24:lv_meter_add_scale_lines	32	static
lv_meter.c:185:6:lv_meter_set_indicator_value	32	static
lv_meter.c:206:6:lv_meter_set_indicator_start_value	32	static
lv_meter.c:223:6:lv_meter_set_indicator_end_value	32	static
lv_meter.c:244:13:lv_meter_constructor	24	static
lv_meter.c:266:13:lv_meter_destructor	24	static
lv_meter.c:275:13:lv_meter_event	112	static
lv_meter.c:312:13:draw_arcs	152	static
lv_meter.c:358:13:draw_ticks_and_labels	400	static
lv_meter.c:530:13:draw_needles	192	static
lv_meter.c:606:13:inv_arc	96	static
lv_meter.c:634:13:inv_line	96	static
