lv_area.h:286:26:lv_pct	16	static
lv_color.h:454:48:lv_color_mix	32	static
lv_color.h:603:26:lv_color_make	16	static
lv_color.h:608:26:lv_color_hex	24	static
lv_color.h:643:20:lv_color_filter_dsc_init	16	static
lv_color.h:699:26:lv_color_white	8	static
lv_style.h:528:20:lv_style_set_size	16	static
lv_style.h:534:20:lv_style_set_pad_all	16	static
lv_style.h:542:20:lv_style_set_pad_hor	16	static
lv_style.h:548:20:lv_style_set_pad_ver	16	static
lv_style.h:554:20:lv_style_set_pad_gap	16	static
lv_disp.h:257:26:lv_disp_dpx	16	static
lv_theme_default.c:192:19:dark_color_filter_cb	16	static
lv_theme_default.c:198:19:grey_filter_cb	16	static
lv_theme_default.c:205:13:style_init	32	static
lv_theme_default.c:650:14:lv_theme_default_init	24	static
lv_theme_default.c:685:14:lv_theme_default_get	8	static
lv_theme_default.c:694:6:lv_theme_default_is_inited	4	static
lv_theme_default.c:700:13:theme_apply	24	static
lv_theme_default.c:1173:13:style_init_reset	16	static
