lv_area.h:123:26:lv_area_get_width	16	static
lv_color.h:603:26:lv_color_make	16	static
lv_color.h:637:26:lv_color_hex3	16	static
lv_obj_pos.h:199:20:lv_obj_center	16	static
lv_disp.h:184:26:lv_scr_act	8	static
lv_slider.h:82:20:lv_slider_set_value	24	static
lv_slider.h:93:20:lv_slider_set_left_value	24	static
lv_slider.h:114:20:lv_slider_set_mode	16	static
lv_slider.h:128:23:lv_slider_get_value	16	static
lv_slider.h:138:23:lv_slider_get_left_value	16	static
lv_example_slider_3.c:10:6:lv_example_slider_3	16	static
lv_example_slider_3.c:25:13:slider_event_cb	112	static
