LCD_1inch28.c:27:13:LCD_1IN28_Reset	8	static
LCD_1inch28.c:42:13:LCD_1IN28_SendCommand	16	static
LCD_1inch28.c:55:13:LCD_1IN28_SendData_8Bit	16	static
LCD_1inch28.c:68:13:LCD_1IN28_SendData_16Bit	16	static
LCD_1inch28.c:81:6:LCD_1IN28_InitReg	8	static
LCD_1inch28.c:324:13:LCD_1IN28_SetAttributes	24	static
LCD_1inch28.c:350:6:LCD_1IN28_Init	16	static
LCD_1inch28.c:371:6:LCD_1IN28_SetWindows	24	static
LCD_1inch28.c:394:6:LCD_1IN28_Clear	24	static
LCD_1inch28.c:412:6:LCD_1IN28_Display	24	static
LCD_1inch28.c:425:6:LCD_1IN28_DisplayWindows	32	static
LCD_1inch28.c:449:6:LCD_1IN28_DrawPaint	16	static
LCD_1inch28.c:461:6:LCD_1IN28_SetBackLight	16	static
