stm32l4xx_it.c:80:6:NMI_Handler	4	static
stm32l4xx_it.c:93:6:HardFault_Handler	4	static
stm32l4xx_it.c:108:6:MemManage_Handler	4	static
stm32l4xx_it.c:123:6:BusFault_Handler	4	static
stm32l4xx_it.c:138:6:UsageFault_Handler	4	static
stm32l4xx_it.c:153:6:SVC_Handler	4	static
stm32l4xx_it.c:166:6:DebugMon_Handler	4	static
stm32l4xx_it.c:179:6:PendSV_Handler	4	static
stm32l4xx_it.c:192:6:SysTick_Handler	8	static
stm32l4xx_it.c:213:6:DMA1_Channel1_IRQHandler	8	static
stm32l4xx_it.c:227:6:ADC1_2_IRQHandler	8	static
stm32l4xx_it.c:241:6:TIM1_UP_TIM16_IRQHandler	8	static
stm32l4xx_it.c:255:6:TIM2_IRQHandler	8	static
stm32l4xx_it.c:269:6:TIM3_IRQHandler	8	static
stm32l4xx_it.c:283:6:I2C1_EV_IRQHandler	8	static
stm32l4xx_it.c:297:6:I2C1_ER_IRQHandler	8	static
stm32l4xx_it.c:311:6:SPI3_IRQHandler	8	static
stm32l4xx_it.c:325:6:DMA2_Channel2_IRQHandler	8	static
