lv_anim.h:127:20:lv_anim_set_var	16	static
lv_anim.h:139:20:lv_anim_set_exec_cb	16	static
lv_anim.h:149:20:lv_anim_set_time	16	static
lv_anim.h:170:20:lv_anim_set_values	24	static
lv_anim.h:248:20:lv_anim_set_playback_time	16	static
lv_anim.h:258:20:lv_anim_set_playback_delay	16	static
lv_anim.h:268:20:lv_anim_set_repeat_count	16	static
lv_anim.h:278:20:lv_anim_set_repeat_delay	16	static
lv_color.h:603:26:lv_color_make	16	static
lv_color.h:637:26:lv_color_hex3	16	static
lv_obj_pos.h:199:20:lv_obj_center	16	static
lv_disp.h:184:26:lv_scr_act	8	static
lv_example_meter_2.c:6:13:set_value	16	static
lv_example_meter_2.c:15:6:lv_example_meter_2	112	static
